30143
301AD
30228
3026F
3021F
30033
14048
35003
14031
3500C
30039
34005
3021F
30146
35C11
3034D
34003
30345
34013
30278
3021F
30033
14048
35013
14031
3500C
14032
3503F
14033
35062
30039
34015
30293
3021F
30033
14048
35020
14031
3500C
14032
35066
14033
35081
14034
350D4
14035
350C3
14036
350CC
30039
34022
3021F
3021F
00F3E
301B8
30214
2A000
3021F
00F3F
301B8
301B8
301B8
2A000
00333
30161
00500
30182
2F350
14507
35048
18501
34042
3021F
30386
06000
301EE
3021F
3038F
00506
07050
301EE
14501
35055
1C501
3404F
3021F
3039C
06007
301EE
3021F
30112
06107
15010
35460
30345
34020
3034D
34013
003CC
30161
302C9
34020
003F0
30161
00500
00400
01340
30161
01350
30161
3021F
01050
301EE
01040
301EE
30222
30222
30222
30182
01030
301EE
18401
1A500
12407
35475
14498
3546E
302C9
34003
00E08
0030F
2F3E0
18E01
30161
30364
30219
35886
01500
30219
35886
01400
01340
2F3E0
18E01
30161
01350
2F3E0
18E01
30161
14500
354C2
14490
35CC2
00400
30374
01F40
18F30
301B8
30371
30219
3589A
01300
2F3E0
18E01
30161
18401
14408
3549A
30182
01430
30182
01530
2F4E0
18E01
2F5E0
3021F
3039C
01050
301EE
01040
301EE
3021F
0020B
3012C
075E0
1CE01
074E0
15510
354C1
15400
354C1
30345
34003
3034D
34003
3021F
3031F
30371
30219
358C3
01300
30161
302C9
34020
3021F
3031F
30371
30182
01030
301EE
302C9
34020
00E08
003AA
2F3E0
18E01
30161
30364
30182
01430
30182
01530
2F4E0
18E01
2F5E0
18E01
01050
301EE
01040
301EE
3037E
30182
2F3E0
18E01
01030
301EE
30374
30371
00408
30222
30182
2F3E0
18E01
01030
301EE
1C401
354EF
30182
01430
30182
01530
2F4E0
18E01
2F5E0
3021F
3039C
01050
301EE
01040
301EE
3021F
0020C
3012C
075E0
1CE01
074E0
15510
35510
15400
35510
30345
34003
3034D
34003
06300
06401
06502
06603
06704
06805
06906
00238
00000
01100
0F130
12101
35D20
0E018
2010E
20008
2090E
20808
20708
20608
20508
20408
20308
1C201
3551B
2A000
00508
00000
00100
07450
00308
01600
0F640
12601
35D37
0E002
0E140
2060E
20108
20008
2040E
1C301
35531
18501
1C201
3552F
0E0FF
0E1FF
2A000
00001
2C008
2A000
00000
2C008
00201
001BD
3019A
1C101
1E200
35D4A
00001
2C008
00138
3019A
1C101
35551
00201
001B6
3019A
3015D
0B200
1C101
35556
12201
2A000
04002
0A001
12001
2A000
00208
2030C
35966
3016A
34167
30175
1C201
35562
2A000
00000
2C008
00148
3019A
1C101
3556D
00001
2C008
3019A
3019A
2A000
00000
2C008
00108
3019A
1C101
35578
00001
2C008
00143
3019A
1C101
3557E
2A000
00208
30187
1C201
35583
2A000
00000
2C008
00104
3019A
1C101
3558A
00001
2C008
00108
3019A
1C101
35590
3015D
20308
0013F
3019A
1C101
35596
2A000
0000B
1C001
3559B
2A000
00128
3019A
1C101
3559F
2A000
00219
3019E
1C201
355A4
2A000
00314
301A3
1C301
355A9
2A000
00414
301A8
1C401
355AE
2A000
04000
12004
355B6
341B2
04F01
2A000
04000
12002
351BC
341B8
2CF04
2A000
00130
18101
1C00A
35DBF
1C101
1803A
2A000
14061
2B800
1407B
2BC00
0A0DF
2A000
180C6
2B800
1C0F6
2A000
07010
301CB
2B800
01200
20206
20206
19200
20206
18101
07010
301CB
2B800
19200
2A000
01100
2000E
2000E
2000E
2000E
301E9
01200
01010
0A00F
301E9
01100
2A000
1C00A
359EC
18007
1803A
2A000
301DD
01F20
301B8
01F10
301B8
2A000
01090
301EE
01080
301EE
01070
301EE
2A000
01030
30208
2B800
01300
20306
20306
20306
20306
01020
30208
2B800
0D030
2A000
180B9
2B800
1C0E9
2B800
1C011
35E12
18007
2B800
1C0F6
2A000
1800A
2A000
301B2
301B8
010F0
301C5
2A000
30214
01300
30214
01200
301FB
2A000
00F0D
301B8
2A000
00F20
301B8
2A000
00F2D
301B8
2A000
3021F
3021F
00F50
301B8
00F69
301B8
00F63
301B8
00F6F
301B8
00F42
301B8
00F6C
301B8
00F61
301B8
00F7A
301B8
00F65
301B8
30222
00F44
301B8
00F53
301B8
00F32
301B8
00F34
301B8
00F33
301B8
00F32
301B8
30222
00F43
301B8
00F6F
301B8
00F6D
301B8
301B8
00F75
301B8
00F6E
301B8
00F69
301B8
00F63
301B8
00F61
301B8
00F74
301B8
00F6F
301B8
00F72
301B8
30222
00F76
301B8
00F31
301B8
00F2E
301B8
00F30
301B8
00F30
301B8
3021F
3021F
2A000
3021F
3021F
302D0
00F31
301B8
30225
30307
3021F
2A000
3021F
3021F
302D0
00F31
301B8
30225
30307
3021F
00F32
301B8
30225
30331
30222
302DE
30222
30356
3021F
00F33
301B8
30225
30328
30222
302DE
30222
30356
3021F
2A000
3021F
3021F
302D0
00F31
301B8
30225
30307
3021F
00F32
301B8
30225
30331
30222
302E5
30222
30356
3021F
00F33
301B8
30225
3033A
30222
302F2
30222
302E5
30222
30356
3021F
00F34
301B8
30225
30331
30222
302F2
30222
302E5
30222
30356
3021F
00F35
301B8
30225
3033A
30222
3031F
3021F
00F36
301B8
30225
30331
30222
3031F
3021F
2A000
3021F
00F4F
301B8
00F4B
301B8
3021F
2A000
3021F
00F48
301B8
30225
00F48
301B8
00F65
301B8
00F6C
301B8
00F70
301B8
3021F
2A000
00F52
301B8
00F4F
301B8
00F4D
301B8
2A000
00F4D
301B8
00F65
301B8
00F6D
301B8
00F6F
301B8
00F72
301B8
00F79
301B8
2A000
00F53
301B8
00F63
301B8
00F72
301B8
00F61
301B8
00F74
301B8
00F63
301B8
00F68
301B8
00F70
301B8
00F61
301B8
00F64
301B8
2A000
00F4D
301B8
00F61
301B8
00F73
301B8
00F74
301B8
00F65
301B8
00F72
301B8
30222
00F52
301B8
00F65
301B8
00F73
301B8
00F65
301B8
00F74
301B8
2A000
00F42
301B8
00F79
301B8
00F74
301B8
00F65
301B8
2A000
00F53
301B8
00F6B
301B8
00F69
301B8
00F70
301B8
2A000
00F52
301B8
00F65
301B8
00F61
301B8
00F64
301B8
2A000
00F57
301B8
00F72
301B8
00F69
301B8
00F74
301B8
00F65
301B8
2A000
00F50
301B8
00F61
301B8
00F73
301B8
301B8
2A000
00F46
301B8
00F61
301B8
00F69
301B8
00F6C
301B8
2A000
00F43
301B8
00F6F
301B8
00F6D
301B8
301B8
00F61
301B8
00F6E
301B8
00F64
301B8
2A000
3021F
00F61
301B8
00F64
301B8
301B8
00F72
301B8
00F65
301B8
00F73
301B8
301B8
00F3D
301B8
2A000
3021F
00F64
301B8
00F61
301B8
00F74
301B8
00F61
301B8
2A000
3021F
00F45
301B8
00F2F
301B8
00F53
301B8
34371
00F63
301B8
00F6F
301B8
00F64
301B8
00F65
301B8
34371
00F73
301B8
00F65
301B8
00F72
301B8
00F69
301B8
00F61
301B8
00F6C
301B8
34371
00F43
301B8
00F52
301B8
00F43
34371
00000
00000
00000
00000
00000
00000
00000
00000
00000
00000
00000
00000
00000
00000
00000
00000
00000
00000
00000
00000
00000
00000
00000
00000
00000
00000
00000
00000
00000
00000
00000
00000
00000
00000
00000
00000
00000
00000
00000
00000
00000
00000
00000
00000
00000
00000
00000
00000
00000
00000
00000
00000
00000
00000
00000
00000
00000
00000
00000
00000
00000
00000
00000
00000
00000
00000
00000
00000
00000
00000
00000
00000
00000
00000
00000
00000
00000
00000
00000
00000
00000
00000
00000
00000
00000
00000
00000
00000
00000
00000
00000
00000
38001
343FE
