00001
2C080
30226
00000
2E004
2E003
2E002
2E001
2E000
2C001
2C002
2C004
2E005
2E006
2E007
0020F
001A0
2C008
1C101
35C11
1C201
35C11
2E00D
00001
2C001
2E005
2E00C
0600C
0610D
14100
35020
0C002
2C080
3025E
301B1
301D9
00E30
070E0
1400D
3501B
14053
35045
14043
350B4
14052
35035
14041
3506E
14046
35091
3021D
3027F
3401B
30112
14045
35432
30112
14053
35432
30112
14045
35432
30112
14054
35432
30112
1400D
35432
34000
30112
14045
35432
30112
14054
35432
30112
14020
35432
30112
01300
30112
01200
301E5
35832
01C00
30112
01300
30112
01200
301E5
35832
01B00
30112
01300
30112
01200
301E5
35832
01A00
30112
1400D
35432
2EA05
2EB06
2EC07
2CA01
2CB02
2CC04
30289
3401B
30112
14055
35432
30112
14054
35432
30112
1404F
35432
30112
14020
35432
30112
1404F
35432
30112
1404E
3508A
14046
35432
30112
14046
35432
30112
1400D
35432
00000
3408E
30112
1400D
35432
00001
2E00C
30289
3401B
30112
14041
35432
30112
14053
35432
30112
14054
35432
30112
14020
35432
30112
1404F
35432
30112
1404E
350AD
14046
35432
30112
14046
35432
30112
1400D
35432
00000
340B1
30112
1400D
35432
00001
2E00D
30289
3401B
30112
14059
35432
30112
14043
35432
30112
1404C
35432
30112
14045
35432
30112
14020
35432
30112
1400D
35032
301FE
35832
01600
00700
00800
00900
30112
1400D
350E7
301FE
35832
01760
01600
30112
1400D
350E7
301FE
35832
01870
01760
01600
30112
1400D
350E7
301FE
35832
01980
01870
01760
01600
30112
1400D
35432
2E608
2E709
2E80A
2E90B
3021D
06608
06709
0680A
0690B
1C601
35CFC
00609
1C701
35CFC
00709
1C801
35CFC
00809
1C901
35CFC
3410F
2E608
2E709
2E80A
2E90B
06E0D
14E00
3510D
00E01
14600
3550D
14700
3550D
14800
3550D
14900
3550D
00E00
30115
340EC
30290
30289
3401B
18E01
070E0
2A000
06904
06803
06702
06601
06500
18501
1450A
3552E
00500
18601
1460A
3552E
00600
18701
1470A
3552E
00700
18801
1480A
3552E
00800
18901
1490A
3552E
00900
2E904
2E803
2E702
2E601
2E500
14E00
35599
01F90
18F30
301AB
01F80
18F30
301AB
01F70
18F30
301AB
01F60
18F30
301AB
01F50
18F30
301AB
30220
30220
30220
06A05
06B06
06C07
0600C
010C0
30213
010B0
30213
010A0
30213
30220
30220
04004
30213
04003
30213
04002
30213
30220
30220
04007
30219
04006
30213
04005
30213
30220
30220
04009
30213
04008
30213
30220
30220
0400C
30213
0400B
30213
0400A
30213
30220
0400F
30213
0400E
30213
0400D
30213
30220
04012
30213
04011
30213
04010
30213
30220
30220
04014
30219
04013
30213
30220
30220
04016
30219
04015
30213
30220
30220
04019
30213
04018
30213
04017
30213
30220
0401C
30213
0401B
30213
0401A
30213
3021D
2C008
0600C
19A00
1AB00
1AC00
2EA05
2EB06
2EC07
2CA01
2CB02
2CC04
2A000
04000
12004
355A9
341A5
04F01
2A000
04000
12002
351AF
341AB
2CF40
2A000
00130
01210
18210
04000
12010
355CA
301A5
301AB
2FF10
14F0D
2B000
14F08
351C2
18101
15120
355B4
30223
1C101
14130
359C8
30220
30223
341B4
3026B
341B1
3021D
2EF30
3026E
3021D
04000
12004
2B000
04F01
341CE
14061
2B800
1407B
2BC00
0A0DF
2A000
00130
07010
1400D
2B000
301D3
2F010
18101
341DA
180C6
2B800
1C0F6
2A000
01030
301F2
2B800
01300
20306
20306
20306
20306
01020
301F2
2B800
0D030
2A000
180B9
2B800
1C0E9
2B800
1C011
35DFC
18007
2B800
1C0F6
2A000
1800A
2A000
180C6
2B800
1C0F6
2A000
01100
2000E
2000E
2000E
2000E
3020E
01200
01010
0A00F
3020E
01100
2A000
1C00A
35A11
18007
1803A
2A000
30202
01F20
301AB
01F10
301AB
2A000
3020E
01F00
301AB
2A000
00F0D
301AB
2A000
00F20
301AB
2A000
00F08
301AB
2A000
3021D
3021D
00F50
301AB
00F69
301AB
00F63
301AB
00F6F
301AB
00F42
301AB
00F6C
301AB
00F61
301AB
00F7A
301AB
00F65
301AB
30220
00F4C
301AB
00F69
301AB
00F6E
301AB
00F65
301AB
30220
00F53
301AB
00F74
301AB
00F6F
301AB
00F72
301AB
00F65
301AB
30220
00F54
301AB
00F65
301AB
00F73
301AB
00F74
301AB
00F65
301AB
00F72
301AB
3021D
3021D
2A000
3021D
00F4B
301AB
00F43
301AB
00F50
301AB
00F53
301AB
00F4D
301AB
00F33
301AB
00F3E
301AB
2A000
00F4F
301AB
00F76
301AB
00F65
301AB
00F72
301AB
00F66
301AB
00F6C
301AB
00F6F
301AB
00F77
301AB
30220
00F45
301AB
00F72
301AB
301AB
00F6F
301AB
00F72
301AB
3421D
3021D
3021D
00F4F
301AB
00F4B
301AB
3421D
3021D
00F63
301AB
00F79
301AB
00F63
301AB
00F6C
301AB
00F65
301AB
30220
30220
30220
30220
00F69
301AB
00F6E
301AB
00F70
301AB
00F75
301AB
00F74
301AB
30220
30220
30220
30220
30220
00F37
301AB
00F36
301AB
00F38
301AB
30220
30220
30220
00F31
301AB
00F30
301AB
00F32
301AB
00F34
301AB
30220
30220
302EA
30220
30220
30220
302EA
00F61
301AB
30220
30220
302EA
00F62
301AB
30220
30220
302EA
00F63
301AB
30220
00F31
301AB
00F35
301AB
00F33
301AB
00F36
301AB
30220
302F3
30220
30220
30220
302F3
00F61
301AB
30220
30220
302F3
00F62
301AB
3021D
2A000
00F31
301AB
00F32
301AB
00F38
301AB
00F30
301AB
2A000
00F31
301AB
00F39
301AB
00F32
301AB
00F30
301AB
2A000
38001
00000
00000
00000
00000
00000
00000
00000
00000
00000
00000
00000
00000
00000
00000
00000
00000
00000
00000
00000
00000
00000
00000
00000
00000
00000
00000
00000
00000
00000
00000
00000
00000
00000
00000
00000
00000
00000
00000
00000
00000
00000
00000
00000
00000
00000
00000
00000
00000
00000
00000
00000
00000
00000
00000
00000
00000
00000
00000
00000
00000
00000
00000
00000
00000
00000
00000
00000
00000
00000
00000
00000
00000
00000
00000
00000
00000
00000
00000
00000
00000
00000
00000
00000
00000
00000
00000
00000
00000
00000
00000
00000
00000
00000
00000
00000
00000
00000
00000
00000
00000
00000
00000
00000
00000
00000
00000
00000
00000
00000
00000
00000
00000
00000
00000
00000
00000
00000
00000
00000
00000
00000
00000
00000
00000
00000
00000
00000
00000
00000
00000
00000
00000
00000
00000
00000
00000
00000
00000
00000
00000
00000
00000
00000
00000
00000
00000
00000
00000
00000
00000
00000
00000
00000
00000
00000
00000
00000
00000
00000
00000
00000
00000
00000
00000
00000
00000
00000
00000
00000
00000
00000
00000
00000
00000
00000
00000
00000
00000
00000
00000
00000
00000
00000
00000
00000
00000
00000
00000
00000
00000
00000
00000
00000
00000
00000
00000
00000
00000
00000
00000
00000
00000
00000
00000
00000
00000
00000
00000
00000
00000
00000
00000
00000
00000
00000
00000
00000
00000
00000
00000
00000
00000
00000
00000
00000
00000
00000
00000
00000
00000
00000
00000
00000
00000
00000
00000
00000
00000
00000
00000
00000
00000
00000
00000
00000
00000
00000
00000
00000
00000
00000
00000
00000
00000
00000
00000
00000
00000
342FC
