300E1
00000
2C010
00050
2E01C
3035B
30328
3C001
00512
3033E
30364
00525
3033E
30377
30164
301B4
0050A
30360
300F2
30065
30070
30154
0050A
30360
00E15
00D8E
3007F
2ED18
2EE19
30252
010E0
30140
010D0
30140
30154
30094
2EA1A
2EB1B
30248
010B0
30140
010A0
30140
30154
30339
303A9
30232
15AD0
35436
15BE0
35436
303C8
3029D
3403C
303D6
3028F
30154
30056
00046
2E01C
302BC
3011D
30129
14F52
35046
14F45
3504B
14F41
3504F
3403C
30154
300AE
30154
30154
3403C
3026F
300DE
30289
3403C
302AA
30154
06D18
06E19
300BE
30289
3403C
00001
2C010
00505
30360
00000
2C010
00505
30360
00002
2C010
00505
30360
00000
2C010
2A000
301F2
00317
07030
30140
30157
14310
3506E
1C301
34067
30154
2A000
30339
00510
3033E
30388
00520
3033E
00617
07060
3014D
14610
3507D
1C601
34077
30154
2A000
00410
07340
30086
14417
2B000
18401
34080
00108
010D0
0F030
12001
35C8D
0ED02
0EE40
2000E
20E08
20D08
2030C
1C101
35487
2A000
00906
00800
00700
30101
14710
3549C
01A00
0AAF0
14725
354A0
01B00
0ABF0
1477F
354A4
0A00F
0DA00
147FA
354A8
0A00F
0DB00
18701
2B000
04004
1C001
354AB
34097
00906
00800
00700
30154
30146
30157
30157
30101
30140
18701
1270F
354B4
127FF
354B1
30154
2A000
00906
00800
00700
04004
14710
354C8
011D0
0A1F0
0A00F
0D010
14725
354CE
011E0
0A1F0
0A00F
0D010
1477F
354D4
011D0
0A10F
0A0F0
0D010
147FA
354DA
011E0
0A10F
0A0F0
0D010
300EC
18701
2B000
340C1
00906
300E4
2A000
00006
2C040
2A000
00800
00700
00120
3010B
001D0
3010B
30118
2A000
00140
3010B
01100
3010B
30118
2A000
00900
00801
00702
00210
00190
3010B
30101
2F020
14217
350FF
18701
18201
340F8
30115
2A000
2C983
2C882
2C781
00105
2C140
00106
00106
04002
2C140
2A000
2C983
2C882
2C781
2C180
00100
2C140
00106
00106
2C140
2A000
001FF
3010B
2A000
30101
12080
35118
30115
2A000
04000
12004
35521
3411D
04F01
2A000
04000
12002
35127
34123
2CF08
2A000
14F61
2B800
14F7B
2BC00
0AFDF
2A000
01100
2000E
2000E
2000E
2000E
3013B
01200
01010
0A00F
3013B
01100
2A000
1C00A
3593E
18007
1803A
2A000
3012F
01F20
30123
01F10
30123
2A000
01090
30140
01080
30140
01070
30140
2A000
3012F
01310
01520
302FE
01530
302FE
2A000
00F0D
30123
2A000
00F20
30123
2A000
30157
00F3D
30123
30157
2A000
30157
00F2D
30123
30157
2A000
30154
30154
00F50
30123
00F69
30123
00F63
30123
00F6F
30123
00F42
30123
00F6C
30123
00F61
30123
00F7A
30123
00F65
30123
30157
00F4C
30123
00F6F
30123
00F77
30123
30157
00F43
30123
00F6F
30123
00F73
30123
00F74
30123
30157
00F44
30123
00F65
30123
00F73
30123
00F69
30123
00F67
30123
00F6E
30123
30157
00F53
30123
00F65
30123
00F63
30123
00F75
30123
00F72
30123
00F69
30123
00F74
30123
00F79
30123
30157
00F76
30123
00F31
30123
00F2E
30123
00F30
30123
00F30
30123
30154
30154
2A000
00F43
30123
00F6F
30123
00F70
30123
00F79
30123
00F72
30123
00F69
30123
00F67
30123
00F68
30123
00F74
30123
30157
00F4B
30123
00F65
30123
00F6E
30123
30157
00F43
30123
00F68
30123
00F61
30123
00F70
30123
00F6D
30123
00F61
30123
00F6E
30123
30157
00F32
30123
00F30
30123
30123
00F36
30123
30154
30154
2A000
00F46
30123
00F4C
30123
00F41
30123
00F53
30123
00F48
30123
2A000
301E7
30157
00F53
30123
00F65
30123
00F72
30123
00F69
30123
00F61
30123
00F6C
30123
30157
00F4E
30123
00F75
30123
00F6D
30123
00F62
30123
00F65
30123
00F72
30123
3015A
2A000
00F41
30123
00F75
30123
00F74
30123
00F68
30123
2A000
3020F
00F6F
30123
00F72
30123
00F69
30123
00F73
30123
2A000
30218
00F61
30123
00F74
30123
00F69
30123
00F6F
30123
00F6E
30123
2A000
30218
00F65
30123
2A000
3020F
00F65
30123
00F6E
30123
00F74
30123
00F69
30123
00F63
30123
00F61
30123
00F74
30123
00F69
30123
00F6F
30123
00F6E
30123
2A000
301E7
30157
00F43
30123
00F52
30123
00F43
30123
3015A
2A000
00F43
30123
00F6F
30123
00F6D
30123
00F70
30123
00F75
30123
00F74
30123
00F65
30123
00F64
30123
34249
00F45
30123
00F72
30123
00F61
30123
00F73
30123
00F65
30123
30157
2A000
30154
30263
30222
30157
00F69
30123
00F6E
30123
30157
00F50
30123
00F72
30123
00F6F
30123
00F67
30123
00F72
30123
00F65
30123
00F73
30123
30123
30154
2A000
00F4F
30123
00F4B
30123
30154
2A000
30157
00F46
30123
00F41
30123
00F49
30123
00F4C
30123
00F45
30123
00F44
30123
2A000
30157
00F50
30123
00F41
30123
00F53
30123
30123
00F45
30123
00F44
30123
2A000
30154
00F57
30123
00F72
30123
00F69
30123
00F74
30123
00F69
30123
00F6E
30123
00F67
30123
30157
30222
2A000
30154
30154
00F4D
30123
00F65
30123
00F6E
30123
00F75
30123
30154
30154
00F52
30123
3015F
00F52
30123
00F65
30123
00F61
30123
00F64
30123
30157
30222
30154
00F45
30123
3015F
30263
30222
30154
00F41
30123
3015F
3022E
30154
30154
00F3E
30123
2A000
0E401
2C420
30348
0E401
2C420
2A000
0A4F8
2C420
302E5
2A000
01450
0A4F0
0C408
302EB
30348
01450
20407
20406
20406
20406
302EB
3034C
004F0
2C420
2A000
01450
0A4F0
0C40C
2C420
302E5
30348
01450
20407
20407
20406
20406
2C420
302E5
3034C
004F0
2C420
2A000
0040E
2C420
0E401
2C420
30348
04503
0E401
2C420
30348
0E401
2C420
30348
04003
0E401
2C420
0A5F0
2000E
2000E
2000E
2000E
0D500
00404
2C420
3034C
2A000
30356
00430
302EB
30356
302EB
30351
302EB
3034C
00420
302EB
3034C
00528
302EF
00506
302EF
0050C
302EF
00501
302EF
30351
30351
2A000
12510
35344
0A50F
0C580
302EF
2A000
0A50F
0C5C0
302EF
2A000
0000B
1C001
35749
2A000
00128
30348
1C101
3574D
2A000
00219
3034C
1C201
35752
2A000
00314
30351
1C301
35757
2A000
00432
30356
1C401
3575C
2A000
3035B
1C501
35760
2A000
00550
302FE
00569
302FE
00563
302FE
0056F
302FE
00542
302FE
0056C
302FE
00561
302FE
0057A
302FE
00565
302FE
2A000
00553
302FE
00565
302FE
00563
302FE
00575
302FE
00572
302FE
00569
302FE
00574
302FE
00579
302FE
2A000
00546
302FE
0054C
302FE
00541
302FE
00553
302FE
00548
302FE
00520
302FE
00553
302FE
00565
302FE
00572
302FE
00569
302FE
00561
302FE
0056C
302FE
00520
302FE
0054E
302FE
0056F
302FE
0052E
302FE
2A000
00511
3033E
00541
302FE
00575
302FE
00574
302FE
00568
302FE
00565
302FE
0056E
302FE
00574
302FE
00569
302FE
00563
302FE
00561
302FE
00574
302FE
00569
302FE
0056F
302FE
0056E
302FE
2A000
00525
3033E
00550
302FE
00561
302FE
00573
302FE
302FE
00565
302FE
00564
302FE
2A000
00525
3033E
00546
302FE
00561
302FE
00569
302FE
0056C
302FE
00565
302FE
00564
302FE
2A000
2E000
0601C
14050
353F2
00046
2C004
00041
2C004
00049
2C004
0004C
2C004
343F8
2C004
00041
2C004
00053
2C004
2C004
06000
38001
00000
00000
00000
00000
00000
343E5
