30230
3029A
3030A
302EC
302EC
30233
35803
3001D
30344
302EC
302EC
302EC
00F3E
302A5
302E1
14031
35053
14032
35079
14033
35040
14034
3509D
302EC
00F3F
302A5
302A5
302A5
3400A
00333
3024E
00500
3026F
2F350
14507
35026
18501
34020
302EC
303D6
06000
302C2
302EC
303DC
00506
07050
302C2
14501
35033
1C501
3402D
302EC
303E2
06007
302C2
302EC
301F1
06107
15010
3543E
303AD
2A000
303B4
2A000
0035A
3024E
00380
3024E
00300
3024E
0035F
3024E
30295
302EC
30391
302EF
3026F
143AA
35051
303B4
34003
303AD
34003
3020B
0030F
3024E
3020E
303BD
302E6
35857
01500
302E6
35857
01400
01340
3024E
3020E
01350
3024E
3020E
14500
35403
14490
35C03
00400
303C8
01F40
18F30
302A5
303C5
302E6
35869
01300
3024E
3020E
18401
14408
35469
302EC
3021C
34003
3020B
003AA
3024E
3020E
303BD
3026F
3020E
01430
3026F
3020E
01530
01050
302C2
01040
302C2
303CE
3026F
3020E
01030
302C2
303C8
303C5
0041C
302EF
3026F
3020E
2F340
01030
302C2
14423
3509A
18401
34090
302EC
3021C
34003
00001
2C010
00023
2C010
00045
2C010
00067
2C010
3020B
003A5
3024E
3020E
00500
00400
01340
3024E
3020E
01350
3024E
3020E
302EC
01050
302C2
01040
302C2
302EF
302EF
302EF
3026F
3020E
2C310
01030
302C2
18401
1A500
12407
354B8
14420
354B1
302EC
3026F
3020E
01030
302C2
302EC
3021C
000FF
00104
2C010
1C101
354CD
00040
2C010
00100
00207
07010
2C010
18101
1C201
354D4
00089
2C010
000AB
2C010
000CD
2C010
000EF
2C010
06020
2C010
06021
2C010
06022
2C010
00080
2C010
00000
00106
2C010
1C101
354EB
00001
2C010
000B8
2C010
30115
303E7
3020B
00C00
00B18
00A04
079B0
3026F
3020E
15390
354FE
18C01
01030
302C2
302EF
1CA01
35105
18B01
340F8
14B0B
35109
1CB07
340F7
302EC
14C14
3550E
303AD
3410F
303B4
3021C
3026F
01030
302C2
302EC
34003
00001
2E008
00023
2E009
00045
2E00A
00067
2E00B
00089
2E00C
000AB
2E00D
000CD
2E00E
000EF
2E00F
000FE
2E010
000DC
2E011
000BA
2E012
00098
2E013
00076
2E014
00054
2E015
00032
2E016
00010
2E017
000F0
2E018
000E1
2E019
000D2
2E01A
000C3
2E01B
00E00
0650F
0640E
0630D
0620C
30176
06D17
06C16
06B15
06A14
14E14
35961
14E28
3594D
14E3C
3597B
0F590
0F480
0F370
0F260
0F5D0
0F4C0
0F3B0
0F2A0
14E3C
35D5C
182A1
1A3EB
1A4D9
1A56E
34194
182D6
1A3C1
1A462
1A5CA
34194
0B950
0B840
0B730
0B620
0E5FF
0E4FF
0E3FF
0E2FF
0B5D0
0B4C0
0B3B0
0B2A0
0D590
0D480
0D370
0D260
18299
1A379
1A482
1A55A
34194
06913
06812
06711
06610
2A000
0B950
0B840
0B730
0B620
0B5D0
0B4C0
0B3B0
0B2A0
0D590
0D480
0D370
0D260
30176
0B9D0
0B8C0
0B7B0
0B6A0
0D590
0D480
0D370
0D260
182DC
1A3BC
1A41B
1A58F
06018
19200
06019
1B300
0601A
1B400
0601B
1B500
0690B
0680A
06709
06608
00005
301E7
19260
1B370
1B480
1B590
0493F
0483E
0473D
0463C
14E10
359C5
04037
0F900
04036
0F800
04035
0F700
04034
0F600
0401F
0F900
0401E
0F800
0401D
0F700
0401C
0F600
0400B
0F900
0400A
0F800
04009
0F700
04008
0F600
301EB
2C910
2C810
2C710
2C610
19260
1B370
1B480
1B590
00D04
00C1B
00B1A
07AB0
2FAC0
1CC01
1CB01
14C08
355D0
1CD01
355CE
30176
0001E
301E7
2E913
2E812
2E711
2E610
2E50B
2E40A
2E309
2E208
14E4F
2B000
18E01
3413E
301EB
1C001
355E7
2A000
12980
20600
20700
20800
20900
2A000
06300
06401
06502
06603
06704
06805
06906
00238
00000
01100
0F130
12101
35DFF
0E018
2010E
20008
2090E
20808
20708
20608
20508
20408
20308
1C201
355FA
2A000
00E00
00D00
2A000
00108
010D0
0F030
12001
35E15
0ED02
0EE40
2000E
20E08
20D08
2030C
1C101
3560F
2A000
3026F
01430
3026F
01530
303E2
01050
302C2
01040
302C2
302EC
0EDFF
0EEFF
154D0
3562E
155E0
3562E
303AD
2A000
303B4
2A000
00001
2C008
2A000
00000
2C008
00201
001BD
30287
1C101
1E200
35E37
00001
2C008
00138
30287
1C101
3563E
00201
001B6
30287
3024A
0B200
1C101
35643
12201
2A000
040C0
0A001
12001
2A000
00208
2030C
35A53
30257
34254
30262
1C201
3564F
2A000
00000
2C008
00148
30287
1C101
3565A
00001
2C008
30287
30287
2A000
00000
2C008
00108
30287
1C101
35665
00001
2C008
00143
30287
1C101
3566B
2A000
00208
30274
1C201
35670
2A000
00000
2C008
00104
30287
1C101
35677
00001
2C008
00108
30287
1C101
3567D
3024A
20308
0013F
30287
1C101
35683
2A000
0000B
1C001
35688
2A000
00128
30287
1C101
3568C
2A000
00219
3028B
1C201
35691
2A000
00314
30290
1C301
35696
2A000
00414
30295
1C401
3569B
2A000
04040
12004
356A3
3429F
04F80
2A000
04040
12002
352A9
342A5
2CF04
2A000
14061
2B800
1407B
2BC00
0A0DF
2A000
01100
2000E
2000E
2000E
2000E
302BD
01200
01010
0A00F
302BD
01100
2A000
1C00A
35AC0
18007
1803A
2A000
302B1
01F20
302A5
01F10
302A5
2A000
01030
302D5
2B800
01300
20306
20306
20306
20306
01020
302D5
2B800
0D030
2A000
180B9
2B800
1C0E9
2B800
1C011
35EDF
18007
2B800
1C0F6
2A000
1800A
2A000
3029F
302A5
010F0
302AB
2A000
302E1
01300
302E1
01200
302C8
2A000
00F0D
302A5
2A000
00F20
302A5
2A000
00F2D
302A5
2A000
00F74
302A5
2A000
00F65
302A5
2A000
00F61
302A5
2A000
00F64
302A5
2A000
00F72
302A5
2A000
00F73
302A5
2A000
00F63
302A5
2A000
302EC
302EC
00F50
302A5
00F69
302A5
30307
00F6F
302A5
00F42
302A5
00F6C
302A5
302FB
00F7A
302A5
302F8
302EF
00F53
302A5
00F48
302A5
00F41
302A5
302F2
00F31
302A5
302EF
00F41
302A5
00F6C
302A5
00F67
302A5
00F6F
302A5
30301
00F69
302A5
302F5
00F68
302A5
00F6D
302A5
302EF
00F76
302A5
00F31
302A5
00F2E
302A5
00F30
302A5
00F30
302A5
302EC
302EC
2A000
302EC
302EC
00F31
302A5
302F2
303A5
302EF
30384
302EC
00F32
302A5
302F2
3039F
302EF
30384
302EC
00F33
302A5
302F2
00F4C
302A5
00F6F
302A5
302FB
302FE
302EF
00F66
302A5
00F69
302A5
30301
30304
302F5
302EF
30391
302EC
00F34
302A5
302F2
3039F
302EF
00F61
302A5
00F75
302A5
302F5
00F68
302A5
302EF
00F50
302A5
302FB
00F67
302A5
302F8
302EC
2A000
302EC
00F4F
302A5
00F4B
302A5
302EC
2A000
30304
30307
30301
302FB
302F5
30307
00F68
302A5
00F70
302A5
302FB
302FE
2A000
30304
302F8
30307
30301
302F8
302F5
2A000
00F42
302A5
00F79
302A5
302F5
302F8
2A000
00F52
302A5
302F8
302FB
302FE
2A000
00F57
302A5
30301
00F69
302A5
302F5
302F8
2A000
00F50
302A5
302FB
30304
30304
302EC
2A000
00F46
302A5
302FB
00F69
302A5
00F6C
302A5
302EC
2A000
302EC
302FB
302FE
302FE
30301
302F8
30304
30304
00F3D
302A5
2A000
302EC
302FE
302FB
302F5
302FB
2A000
302EC
00F45
302A5
00F2F
302A5
00F53
302A5
343C5
30307
00F6F
302A5
302FE
302F8
343C5
30304
00F2F
302A5
00F6E
302A5
343C5
30307
00F72
302A5
30307
343C5
00F6D
302A5
302FB
30307
343C5
00000
00000
00000
00000
00000
00000
00000
00000
00000
00000
00000
00000
00000
00000
00000
00000
00000
00000
38001
343FE
