3010E
301AA
3C001
3021D
30223
302BD
3021D
3021D
00F3E
301C1
3001D
14045
35033
14053
35040
14050
35054
14052
35059
14049
35022
14048
35003
3021D
00F3F
301C1
301C1
301C1
34006
301AF
301C1
010F0
301CE
2A000
3021D
3013E
30328
00F3D
301C1
30220
01090
301F7
30220
01080
301F7
30220
01070
301F7
30220
3021D
34006
3021D
3032D
301AF
301C1
14F59
3543E
3021D
30293
30173
302B6
34006
3034A
34006
3021D
3032D
301AF
301C1
14F59
3543E
3021D
30293
00900
3015F
00901
3015F
00902
3015F
00903
3015F
00904
3015F
302B6
34006
3021D
3026C
3006F
302B6
34006
30357
30069
35859
14020
35C59
01900
30069
35859
01800
30069
35859
01700
3021D
300C9
302B6
34006
3001D
01300
3001D
01200
30204
2A000
00A00
300A9
300B9
14B01
350A5
301FD
3021D
14B04
350A1
1CE01
00D2B
18D04
14A00
35088
06201
15290
35486
06202
15280
35486
06203
15270
35088
3018F
00A00
14A00
3548C
30181
00A01
071D0
00008
2010E
20200
1C001
3548E
30112
18701
1A800
1A900
14700
3549A
3018F
00A00
18D01
15DE0
35488
2E901
2E802
2E703
34070
14A00
35070
3018F
3406F
14A00
2B000
3018F
2A000
00E2B
301AF
14F3A
354AA
301AF
14F0D
2B000
14F0A
2B000
013F0
301AF
012F0
30204
2F0E0
18E01
340AD
00D2B
07CD0
18D03
07BD0
14B00
350C4
14B04
2B400
18D02
079D0
2A000
1CD01
077D0
1CD01
078D0
2A000
00610
3021D
301FD
30220
00510
30220
3014E
18701
1A800
1A900
01020
301F7
1C501
354CE
1C601
354CA
3021D
2A000
00912
00834
00700
30181
01270
30112
18701
35CDF
3018F
00F70
00912
00834
00700
3014E
15270
354EE
18701
354E8
340EF
00F66
301C1
2A000
00912
00800
00700
3015F
00F70
00912
00834
00700
3014E
142FF
354FF
18701
354F9
34100
00F66
301C1
2A000
3013E
00F70
14920
3550B
14820
3550B
14715
3550B
3410C
00F66
301C1
2A000
000AE
2C008
2E004
2A000
00108
06004
2C204
04302
12380
20200
0E001
2C008
0E001
2C008
1C101
35514
2A000
3010E
0E002
2C008
2E004
00205
30112
30112
0E002
2C008
2E004
2A000
3010E
0E002
2C008
2E004
00206
30112
0E002
2C008
2E004
2A000
3010E
0E002
2C008
2E004
00204
30112
0E002
2C008
2E004
2A000
3010E
0E002
2C008
2E004
0029F
30112
30112
01920
30112
01820
30112
01720
0E002
2C008
2E004
2A000
3010E
0E002
2C008
2E004
00203
30112
01290
30112
01280
30112
01270
30112
30112
0E002
2C008
2E004
2A000
3012A
3010E
0E002
2C008
2E004
002D8
30112
01290
30112
01280
30112
01270
30112
0E002
2C008
2E004
3011F
12201
3556F
2A000
3012A
3010E
0E002
2C008
2E004
002C7
30112
0E002
2C008
2E004
3011F
12201
3557D
2A000
3012A
3010E
0E002
2C008
2E004
00202
30112
01290
30112
01280
30112
01270
30112
2A000
06004
0E002
2C008
2E004
3011F
12201
35593
2A000
0000B
1C001
35598
2A000
00128
30197
1C101
3559C
2A000
00219
3019B
1C201
355A1
2A000
00314
301A0
1C301
355A6
2A000
00414
301A5
1C401
355AB
2A000
3C000
04000
12008
355B4
341B0
04F01
14F13
351B9
3C001
2A000
04000
12008
355BD
341B9
04F01
14F11
351B0
341B9
04000
12001
351C5
341C1
2CF10
2A000
00130
18101
1C00A
35DC8
1C101
1803A
2A000
14061
2B800
1407B
2BC00
0A0DF
2A000
180C6
2B800
1C0F6
2A000
07010
301D4
2B800
01200
20206
20206
19200
20206
18101
07010
301D4
2B800
19200
2A000
01100
2000E
2000E
2000E
2000E
301F2
01200
01010
0A00F
301F2
01100
2A000
1C00A
359F5
18007
1803A
2A000
301E6
01F20
301C1
01F10
301C1
2A000
01090
301F7
01080
301F7
01070
301F7
2A000
01030
30211
2B800
01300
20306
20306
20306
20306
01020
30211
2B800
0D030
2A000
180B9
2B800
1C0E9
2B800
1C011
35E1B
18007
2B800
1C0F6
2A000
1800A
2A000
00F0D
301C1
2A000
00F20
301C1
2A000
3021D
3021D
00F50
301C1
00F69
301C1
00F63
301C1
00F6F
301C1
00F42
301C1
00F6C
301C1
00F61
301C1
00F7A
301C1
00F65
301C1
30220
00F53
301C1
00F50
301C1
00F49
301C1
30220
00F46
301C1
00F4C
301C1
00F41
301C1
00F53
301C1
00F48
301C1
30220
00F50
301C1
00F72
301C1
00F6F
301C1
00F67
301C1
00F72
301C1
00F61
301C1
00F6D
301C1
00F6D
301C1
00F65
301C1
00F72
301C1
30220
00F76
301C1
00F31
301C1
00F2E
301C1
00F30
301C1
00F30
301C1
3021D
3021D
2A000
00F57
301C1
00F61
301C1
00F69
301C1
00F74
301C1
00F69
301C1
00F6E
301C1
00F67
301C1
30220
00F66
301C1
00F6F
301C1
00F72
301C1
30220
00F4D
301C1
00F43
301C1
00F53
301C1
30220
00F46
301C1
00F69
301C1
00F6C
301C1
00F65
301C1
3021D
2A000
302AA
00F69
301C1
00F6E
301C1
30220
00F50
301C1
00F72
301C1
00F6F
301C1
00F67
301C1
00F72
301C1
00F65
301C1
00F73
301C1
301C1
3021D
2A000
00F45
301C1
00F72
301C1
00F61
301C1
00F73
301C1
00F65
301C1
30220
2A000
3021D
00F4F
301C1
00F4B
301C1
3021D
2A000
3021D
00F45
301C1
00F2D
301C1
302AA
00F61
301C1
00F6C
301C1
301C1
3021D
00F53
301C1
00F2D
301C1
00F53
301C1
00F65
301C1
00F63
301C1
00F74
301C1
00F6F
301C1
00F72
301C1
30220
302AA
3021D
00F50
301C1
00F2D
301C1
00F50
301C1
00F72
301C1
00F6F
301C1
00F67
301C1
00F72
301C1
00F61
301C1
00F6D
301C1
30281
00F52
301C1
00F2D
301C1
00F52
301C1
00F65
301C1
00F61
301C1
00F64
301C1
30220
3031F
3021D
00F49
301C1
00F2D
301C1
00F44
301C1
00F65
301C1
00F76
301C1
00F69
301C1
00F63
301C1
00F65
301C1
30220
30328
3021D
00F48
301C1
00F2D
301C1
00F48
301C1
00F65
301C1
00F6C
301C1
00F70
301C1
3021D
2A000
00F70
301C1
00F61
301C1
00F67
301C1
00F65
301C1
2A000
00F49
301C1
00F44
301C1
2A000
3021D
00F43
301C1
00F6F
301C1
00F6E
301C1
00F66
301C1
00F69
301C1
00F72
301C1
00F6D
301C1
30220
302AA
00F28
301C1
00F59
301C1
00F2F
301C1
00F6E
301C1
00F29
301C1
30220
2A000
3021D
00F41
301C1
00F62
301C1
00F6F
301C1
00F72
301C1
00F74
301C1
3021D
2A000
3021D
3031F
30220
00F61
301C1
00F64
301C1
301C1
00F72
301C1
00F65
301C1
00F73
301C1
301C1
00F3D
301C1
2A000
00000
00000
00000
00000
00000
00000
00000
00000
00000
00000
00000
00000
00000
00000
00000
00000
00000
00000
00000
00000
00000
00000
00000
00000
00000
00000
00000
00000
00000
00000
00000
00000
00000
00000
00000
00000
00000
00000
00000
00000
00000
00000
00000
00000
00000
00000
00000
00000
00000
00000
00000
00000
00000
00000
00000
00000
00000
00000
00000
00000
00000
00000
00000
00000
00000
00000
00000
00000
00000
00000
00000
00000
00000
00000
00000
00000
00000
00000
00000
00000
00000
00000
00000
00000
00000
00000
00000
00000
00000
00000
00000
00000
00000
00000
00000
00000
00000
00000
00000
00000
00000
00000
00000
00000
00000
00000
00000
00000
00000
00000
00000
00000
00000
00000
00000
00000
00000
00000
00000
00000
00000
00000
00000
00000
00000
00000
00000
00000
00000
00000
00000
00000
00000
00000
00000
00000
00000
00000
00000
00000
2E000
04000
12010
353FB
00013
343FC
00011
2C010
06000
38001
343F5
